
  [32m[1mVITE[22m v7.3.2[39m  [2mready in [0m[1m7899[22m[2m[0m ms[22m

  [32m➜[39m  [1mLocal[22m:   [36mhttp://localhost:[1m5173[22m/[39m
  [32m➜[39m  [1mNetwork[22m: [36mhttp://100.127.212.39:[1m5173[22m/[39m
  [32m➜[39m  [1mNetwork[22m: [36mhttp://192.168.8.26:[1m5173[22m/[39m
[vite] connected.
[2m9:39:23 PM[22m [36m[1m[vite][22m[39m [90m[2m(client)[22m[39m [32mhmr update [39m[2m/src/styles.css?direct, /src/components/cinematic/CinematicLanding.tsx[22m
[2m9:39:23 PM[22m [36m[1m[vite][22m[39m [34m[2m(ssr)[22m[39m [32mpage reload [39m[2msrc/components/cinematic/CinematicLanding.tsx[22m
[vite] program reload
[2m9:39:28 PM[22m [36m[1m[vite][22m[39m [90m[2m(client)[22m[39m [32mhmr update [39m[2m/src/styles.css?direct, /src/components/cinematic/CinematicLanding.tsx[22m
[2m9:39:28 PM[22m [36m[1m[vite][22m[39m [34m[2m(ssr)[22m[39m [32mpage reload [39m[2msrc/components/cinematic/CinematicLanding.tsx[22m
[2m10:02:12 PM[22m [36m[1m[vite][22m[39m [90m[2m(client)[22m[39m [32mhmr update [39m[2m/src/styles.css?direct, /src/components/cinematic/FirstVisitSplash.tsx[22m
[2m10:02:12 PM[22m [36m[1m[vite][22m[39m [34m[2m(ssr)[22m[39m [32mpage reload [39m[2msrc/components/cinematic/FirstVisitSplash.tsx[22m
[vite] program reload
[2m10:02:20 PM[22m [36m[1m[vite][22m[39m [90m[2m(client)[22m[39m [32mhmr update [39m[2m/src/styles.css?direct, /src/components/cinematic/CinemaMode.tsx[22m
[2m10:02:20 PM[22m [36m[1m[vite][22m[39m [34m[2m(ssr)[22m[39m [32mpage reload [39m[2msrc/components/cinematic/CinemaMode.tsx[22m
[2m10:19:23 PM[22m [36m[1m[vite][22m[39m [90m[2m(client)[22m[39m [32mhmr update [39m[2m/src/styles.css?direct, /src/components/cinematic/CinemaMode.tsx[22m
[2m10:19:23 PM[22m [36m[1m[vite][22m[39m [34m[2m(ssr)[22m[39m [32mpage reload [39m[2msrc/components/cinematic/CinemaMode.tsx[22m
[vite] program reload
[2m10:19:36 PM[22m [36m[1m[vite][22m[39m [90m[2m(client)[22m[39m [32mhmr update [39m[2m/src/styles.css?direct, /src/components/cinematic/CinemaMode.tsx[22m
[2m10:19:36 PM[22m [36m[1m[vite][22m[39m [34m[2m(ssr)[22m[39m [32mpage reload [39m[2msrc/components/cinematic/CinemaMode.tsx[22m
[2m10:19:45 PM[22m [36m[1m[vite][22m[39m [90m[2m(client)[22m[39m [32mhmr update [39m[2m/src/styles.css?direct, /src/components/cinematic/CinemaMode.tsx[22m
[2m10:19:45 PM[22m [36m[1m[vite][22m[39m [34m[2m(ssr)[22m[39m [32mpage reload [39m[2msrc/components/cinematic/CinemaMode.tsx[22m
[2m10:19:56 PM[22m [36m[1m[vite][22m[39m [90m[2m(client)[22m[39m [32mhmr update [39m[2m/src/styles.css?direct, /src/components/cinematic/CinemaMode.tsx[22m
[2m10:19:56 PM[22m [36m[1m[vite][22m[39m [34m[2m(ssr)[22m[39m [32mpage reload [39m[2msrc/components/cinematic/CinemaMode.tsx[22m
[2m10:20:25 PM[22m [36m[1m[vite][22m[39m [90m[2m(client)[22m[39m [32mhmr update [39m[2m/src/styles.css?direct, /src/components/cinematic/CinemaMode.tsx[22m
[2m10:20:25 PM[22m [36m[1m[vite][22m[39m [34m[2m(ssr)[22m[39m [32mpage reload [39m[2msrc/components/cinematic/CinemaMode.tsx[22m
[2m10:20:48 PM[22m [36m[1m[vite][22m[39m [90m[2m(client)[22m[39m [32mhmr update [39m[2m/src/styles.css?direct, /src/components/cinematic/CinemaMode.tsx[22m
[2m10:20:48 PM[22m [36m[1m[vite][22m[39m [34m[2m(ssr)[22m[39m [32mpage reload [39m[2msrc/components/cinematic/CinemaMode.tsx[22m
[2m1:04:52 AM[22m [36m[1m[vite][22m[39m [32mvite.config.ts changed, restarting server...[39m
[2m1:04:53 AM[22m [36m[1m[vite][22m[39m [90m[2m(client)[22m[39m Re-optimizing dependencies because lockfile has changed
[2m1:04:53 AM[22m [36m[1m[vite][22m[39m server restarted.
[vite] connected.
[2m1:04:59 AM[22m [36m[1m[vite][22m[39m [32mvite.config.ts changed, restarting server...[39m
[2m1:05:01 AM[22m [36m[1m[vite][22m[39m server restarted.
[vite] connected.
[2m1:06:58 AM[22m [36m[1m[vite][22m[39m [34m[2m(ssr)[22m[39m [32mpage reload [39m[2msrc/components/cinematic/CinematicLanding.tsx[22m
[vite] program reload
[2m1:07:16 AM[22m [36m[1m[vite][22m[39m [34m[2m(ssr)[22m[39m [32mpage reload [39m[2msrc/components/cinematic/CinematicLanding.tsx[22m
[2m1:07:26 AM[22m [36m[1m[vite][22m[39m [34m[2m(ssr)[22m[39m [32mpage reload [39m[2msrc/components/cinematic/ContactSection.tsx[22m
[2m1:07:34 AM[22m [36m[1m[vite][22m[39m [34m[2m(ssr)[22m[39m [32mpage reload [39m[2msrc/components/cinematic/ContactSection.tsx[22m
[2m1:07:42 AM[22m [36m[1m[vite][22m[39m [34m[2m(ssr)[22m[39m [32mpage reload [39m[2msrc/components/cinematic/ContactSection.tsx[22m
[2m1:08:20 AM[22m [36m[1m[vite][22m[39m [90m[2m(client)[22m[39m [32mpage reload [39m[2mpublic/cv-ats.html[22m
[2m1:08:39 AM[22m [36m[1m[vite][22m[39m [90m[2m(client)[22m[39m [32mpage reload [39m[2mpublic/cv-ats.html[22m
[2m1:12:01 AM[22m [36m[1m[vite][22m[39m [34m[2m(ssr)[22m[39m [32mpage reload [39m[2msrc/routeTree.gen.ts[22m
[vite] program reload
[2m1:12:35 AM[22m [36m[1m[vite][22m[39m [34m[2m(ssr)[22m[39m [32mpage reload [39m[2msrc/components/cinematic/CinematicLanding.tsx[22m
[2m1:14:09 AM[22m [36m[1m[vite][22m[39m [90m[2m(client)[22m[39m [32m✨ new dependencies optimized: [33mqrcode, @tanstack/router-core/ssr/client, @tanstack/router-core, seroval[32m[39m
[2m1:14:09 AM[22m [36m[1m[vite][22m[39m [90m[2m(client)[22m[39m [32m✨ optimized dependencies changed. reloading[39m
[cv] 2026-09-15T21:21:37.934Z GET /cv ua="Mozilla/5.0 (Windows NT; Windows NT 10.0; en-US) WindowsPowerShell/5.1.26100.845"
